// Jest Snapshot v1, https://goo.gl/fbAQLP

exports[`<App /> renders the correct markup 1`] = `
<div>
  <div
    class="flex items-center justify-center h-full"
  >
    Hello world ðŸ¤ 
  </div>
</div>
`;
